// Jest Snapshot v1, https://goo.gl/fbAQLP

exports[`Sort Component renders Sort component 1`] = `ShallowWrapper {}`;
