// Jest Snapshot v1, https://goo.gl/fbAQLP

exports[`RootContainer Component should render RootContainer Component 1`] = `ShallowWrapper {}`;
