// Jest Snapshot v1, https://goo.gl/fbAQLP

exports[`MyShoeCard Component should render MyShoeCard Component 1`] = `ShallowWrapper {}`;
