// Jest Snapshot v1, https://goo.gl/fbAQLP

exports[`Card Component should render Card 1`] = `ShallowWrapper {}`;
