// Jest Snapshot v1, https://goo.gl/fbAQLP

exports[`SideBar Component should render SideBar Component 1`] = `ShallowWrapper {}`;
