// Jest Snapshot v1, https://goo.gl/fbAQLP

exports[`Filters Component should render Filters Compponent 1`] = `ShallowWrapper {}`;
