// Jest Snapshot v1, https://goo.gl/fbAQLP

exports[`Color Component should render Color Component 1`] = `ShallowWrapper {}`;
