// Jest Snapshot v1, https://goo.gl/fbAQLP

exports[`CreditCard Component should render CreditCard Component 1`] = `ShallowWrapper {}`;
