// Jest Snapshot v1, https://goo.gl/fbAQLP

exports[`HomePage Component Shallow Rendered should render HomePage Component 1`] = `ShallowWrapper {}`;
