// Jest Snapshot v1, https://goo.gl/fbAQLP

exports[`MyShoesPage Component should render MyShoesPage Component 1`] = `ShallowWrapper {}`;
