// Jest Snapshot v1, https://goo.gl/fbAQLP

exports[`should render NoResultsFound 1`] = `ShallowWrapper {}`;
