// Jest Snapshot v1, https://goo.gl/fbAQLP

exports[`Button Component renders button component 1`] = `ShallowWrapper {}`;
