// Jest Snapshot v1, https://goo.gl/fbAQLP

exports[`Pricing should render Pricing Component 1`] = `ShallowWrapper {}`;
