// Jest Snapshot v1, https://goo.gl/fbAQLP

exports[`Image Component should render image component 1`] = `ShallowWrapper {}`;
