// Jest Snapshot v1, https://goo.gl/fbAQLP

exports[`PriceFilter Component should render PriceFilter Component 1`] = `ShallowWrapper {}`;
