// Jest Snapshot v1, https://goo.gl/fbAQLP

exports[`should render PageNotFound 1`] = `ShallowWrapper {}`;
