// Jest Snapshot v1, https://goo.gl/fbAQLP

exports[`BrandFilter Component should render BrandFilter 1`] = `ShallowWrapper {}`;
